// Vitest Snapshot v1, https://vitest.dev/guide/snapshot.html

exports[`AppShell > matches snapshot 1`] = `
<div>
  <div
    class="flex h-screen overflow-hidden bg-background"
  >
    <div
      class="hidden md:block"
    >
      <div>
        sidebar
      </div>
    </div>
    <div
      class="flex flex-1 flex-col overflow-hidden"
    >
      <header>
        top
      </header>
      <main
        class="flex-1 overflow-y-auto"
      >
        <div
          class="p-4 sm:p-6"
        >
          <p>
            main
          </p>
        </div>
      </main>
    </div>
  </div>
</div>
`;
