// Vitest Snapshot v1, https://vitest.dev/guide/snapshot.html

exports[`AspectRatio > matches snapshot 1`] = `
<div>
  <div
    data-radix-aspect-ratio-wrapper=""
    style="position: relative; width: 100%; padding-bottom: 75%;"
  >
    <div
      style="position: absolute; top: 0px; right: 0px; bottom: 0px; left: 0px;"
    >
      <div>
        content
      </div>
    </div>
  </div>
</div>
`;
