// Vitest Snapshot v1, https://vitest.dev/guide/snapshot.html

exports[`AuthShell > matches snapshot 1`] = `
<div>
  <div
    class="relative flex min-h-screen items-center justify-center bg-background p-4"
  >
    <div
      class="relative z-10 flex w-full flex-col items-center gap-6 max-w-md"
    >
      <div
        class="flex flex-col items-center gap-2"
      >
        <svg
          class="h-10 w-auto"
          fill="none"
          height="24"
          viewBox="0 0 24 24"
          width="24"
          xmlns="http://www.w3.org/2000/svg"
        >
          <ellipse
            cx="12"
            cy="12"
            fill="none"
            rx="5"
            ry="9"
            stroke="currentColor"
            stroke-width="2.5"
            transform="rotate(90 12 12)"
          />
        </svg>
        <h1
          class="text-xl font-semibold tracking-tight"
        >
          Welcome
        </h1>
        <p
          class="text-sm text-muted-foreground"
        >
          Sign in
        </p>
      </div>
      <div
        class="rounded-xl border bg-card text-card-foreground shadow w-full"
      >
        <div
          class="p-6"
        >
          <form>
            <input
              placeholder="email"
            />
          </form>
        </div>
      </div>
      <div
        class="text-center text-sm text-muted-foreground"
      >
        © 2026
      </div>
    </div>
  </div>
</div>
`;
