// Vitest Snapshot v1, https://vitest.dev/guide/snapshot.html

exports[`ChartLegendContent > matches snapshot for the default legend render 1`] = `
<div>
  <div
    class="flex aspect-video w-full justify-center text-xs [&_.recharts-cartesian-axis-line]:stroke-border [&_.recharts-cartesian-axis-tick-line]:stroke-transparent [&_.recharts-cartesian-axis-tick_text]:fill-muted-foreground [&_.recharts-cartesian-grid_line[stroke='#ccc']]:stroke-border/50 [&_.recharts-curve.recharts-tooltip-cursor]:stroke-border [&_.recharts-dot[stroke='#fff']]:stroke-transparent [&_.recharts-layer]:outline-none [&_.recharts-polar-grid_[stroke='#ccc']]:stroke-border [&_.recharts-radial-bar-background-sector]:fill-muted [&_.recharts-rectangle.recharts-tooltip-cursor]:fill-muted [&_.recharts-reference-line_[stroke='#ccc']]:stroke-border [&_.recharts-sector[stroke='#fff']]:stroke-transparent [&_.recharts-sector]:outline-none [&_.recharts-surface]:outline-none"
    data-chart="chart-legend"
  >
    <style>
      
 [data-chart=chart-legend] {
  --color-revenue: #0ff;
  --color-users: #f0f;
}


.dark [data-chart=chart-legend] {
  --color-revenue: #0ff;
  --color-users: #f0f;
}

    </style>
    <div
      class="recharts-responsive-container"
      style="width: 100%; height: 100%; min-width: 0px;"
    >
      <svg
        height="0"
        width="0"
      >
        <div
          class="flex items-center justify-center gap-4 pt-3"
        >
          <div
            class="flex items-center gap-1.5 [&>svg]:h-3 [&>svg]:w-3 [&>svg]:text-muted-foreground"
          >
            <div
              class="h-2 w-2 shrink-0 rounded-[2px]"
              style="background-color: rgb(0, 255, 255);"
            />
            Revenue
          </div>
          <div
            class="flex items-center gap-1.5 [&>svg]:h-3 [&>svg]:w-3 [&>svg]:text-muted-foreground"
          >
            <div
              class="h-2 w-2 shrink-0 rounded-[2px]"
              style="background-color: rgb(255, 0, 255);"
            />
            Users
          </div>
        </div>
      </svg>
    </div>
  </div>
</div>
`;
