// Vitest Snapshot v1, https://vitest.dev/guide/snapshot.html

exports[`Command > matches snapshot 1`] = `
<div>
  <div
    class="flex h-full w-full flex-col overflow-hidden rounded-md bg-popover text-popover-foreground"
    cmdk-root=""
    tabindex="-1"
  >
    <label
      cmdk-label=""
      for="radix-_r_1l_"
      id="radix-_r_1k_"
      style="position: absolute; width: 1px; height: 1px; padding: 0px; margin: -1px; overflow: hidden; clip: rect(0px, 0px, 0px, 0px); white-space: nowrap; border-width: 0px;"
    />
    <div
      class="flex items-center border-b px-3"
      cmdk-input-wrapper=""
    >
      <svg
        aria-hidden="true"
        class="lucide lucide-search mr-2 h-4 w-4 shrink-0 opacity-50"
        fill="none"
        height="24"
        stroke="currentColor"
        stroke-linecap="round"
        stroke-linejoin="round"
        stroke-width="2"
        viewBox="0 0 24 24"
        width="24"
        xmlns="http://www.w3.org/2000/svg"
      >
        <path
          d="m21 21-4.34-4.34"
        />
        <circle
          cx="11"
          cy="11"
          r="8"
        />
      </svg>
      <input
        aria-autocomplete="list"
        aria-controls="radix-_r_1j_"
        aria-expanded="true"
        aria-labelledby="radix-_r_1k_"
        autocomplete="off"
        autocorrect="off"
        class="flex h-10 w-full rounded-md bg-transparent py-3 text-sm outline-none placeholder:text-muted-foreground disabled:cursor-not-allowed disabled:opacity-50"
        cmdk-input=""
        id="radix-_r_1l_"
        placeholder="Search commands..."
        role="combobox"
        spellcheck="false"
        type="text"
        value=""
      />
    </div>
    <div
      aria-label="Suggestions"
      class="max-h-[300px] overflow-y-auto overflow-x-hidden"
      cmdk-list=""
      id="radix-_r_1j_"
      role="listbox"
      tabindex="-1"
    >
      <div
        cmdk-list-sizer=""
      >
        <div
          class="overflow-hidden p-1 text-foreground [&_[cmdk-group-heading]]:px-2 [&_[cmdk-group-heading]]:py-1.5 [&_[cmdk-group-heading]]:text-xs [&_[cmdk-group-heading]]:font-medium [&_[cmdk-group-heading]]:text-muted-foreground"
          cmdk-group=""
          data-value="Letters"
          role="presentation"
        >
          <div
            aria-hidden="true"
            cmdk-group-heading=""
            id="radix-_r_1n_"
          >
            Letters
          </div>
          <div
            aria-labelledby="radix-_r_1n_"
            cmdk-group-items=""
            role="group"
          >
            <div
              aria-disabled="false"
              aria-selected="true"
              class="relative flex cursor-default gap-2 select-none items-center rounded-sm px-2 py-1.5 text-sm outline-none data-[disabled=true]:pointer-events-none data-[selected=true]:bg-accent data-[selected=true]:text-accent-foreground data-[disabled=true]:opacity-50 [&_svg]:pointer-events-none [&_svg]:size-4 [&_svg]:shrink-0"
              cmdk-item=""
              data-disabled="false"
              data-selected="true"
              data-value="Alpha"
              id="radix-_r_1o_"
              role="option"
            >
              Alpha
            </div>
            <div
              aria-disabled="false"
              aria-selected="false"
              class="relative flex cursor-default gap-2 select-none items-center rounded-sm px-2 py-1.5 text-sm outline-none data-[disabled=true]:pointer-events-none data-[selected=true]:bg-accent data-[selected=true]:text-accent-foreground data-[disabled=true]:opacity-50 [&_svg]:pointer-events-none [&_svg]:size-4 [&_svg]:shrink-0"
              cmdk-item=""
              data-disabled="false"
              data-selected="false"
              data-value="Beta Ctrl+B"
              id="radix-_r_1p_"
              role="option"
            >
              Beta 
              <span
                class="ml-auto text-xs tracking-widest text-muted-foreground"
              >
                Ctrl+B
              </span>
            </div>
          </div>
        </div>
        <div
          class="-mx-1 h-px bg-border"
          cmdk-separator=""
          role="separator"
        />
        <div
          class="overflow-hidden p-1 text-foreground [&_[cmdk-group-heading]]:px-2 [&_[cmdk-group-heading]]:py-1.5 [&_[cmdk-group-heading]]:text-xs [&_[cmdk-group-heading]]:font-medium [&_[cmdk-group-heading]]:text-muted-foreground"
          cmdk-group=""
          data-value="Numbers"
          role="presentation"
        >
          <div
            aria-hidden="true"
            cmdk-group-heading=""
            id="radix-_r_1r_"
          >
            Numbers
          </div>
          <div
            aria-labelledby="radix-_r_1r_"
            cmdk-group-items=""
            role="group"
          >
            <div
              aria-disabled="false"
              aria-selected="false"
              class="relative flex cursor-default gap-2 select-none items-center rounded-sm px-2 py-1.5 text-sm outline-none data-[disabled=true]:pointer-events-none data-[selected=true]:bg-accent data-[selected=true]:text-accent-foreground data-[disabled=true]:opacity-50 [&_svg]:pointer-events-none [&_svg]:size-4 [&_svg]:shrink-0"
              cmdk-item=""
              data-disabled="false"
              data-selected="false"
              data-value="One"
              id="radix-_r_1s_"
              role="option"
            >
              One
            </div>
            <div
              aria-disabled="false"
              aria-selected="false"
              class="relative flex cursor-default gap-2 select-none items-center rounded-sm px-2 py-1.5 text-sm outline-none data-[disabled=true]:pointer-events-none data-[selected=true]:bg-accent data-[selected=true]:text-accent-foreground data-[disabled=true]:opacity-50 [&_svg]:pointer-events-none [&_svg]:size-4 [&_svg]:shrink-0"
              cmdk-item=""
              data-disabled="false"
              data-selected="false"
              data-value="Two"
              id="radix-_r_1t_"
              role="option"
            >
              Two
            </div>
          </div>
        </div>
      </div>
    </div>
  </div>
</div>
`;
