// Vitest Snapshot v1, https://vitest.dev/guide/snapshot.html

exports[`DotPulse > matches snapshot 1`] = `
<div>
  <div
    class="flex items-center gap-2"
    role="presentation"
  >
    <span
      aria-hidden="true"
      class="inline-block size-2 rounded-full"
      style="background: hsl(var(--stat-destructive)); animation: canvas-dot-pulse 1.5s ease-in-out infinite; animation-delay: 0s;"
    />
    <span
      aria-hidden="true"
      class="inline-block size-2 rounded-full"
      style="background: hsl(var(--stat-destructive)); animation: canvas-dot-pulse 1.5s ease-in-out infinite; animation-delay: 0.15s;"
    />
    <span
      aria-hidden="true"
      class="inline-block size-2 rounded-full bg-muted"
    />
    <span
      aria-hidden="true"
      class="inline-block size-2 rounded-full bg-muted"
    />
    <span
      aria-hidden="true"
      class="inline-block size-2 rounded-full bg-muted"
    />
    <style>
      @keyframes canvas-dot-pulse {
  0%, 100% { transform: scale(1); opacity: 1; }
  50% { transform: scale(1.4); opacity: 0.5; }
}
    </style>
  </div>
</div>
`;
