// Vitest Snapshot v1, https://vitest.dev/guide/snapshot.html

exports[`ErrorBoundary > matches snapshot (fallback rendered) 1`] = `
<div>
  <div
    class="flex flex-col items-center justify-center gap-4 p-8 text-center"
  >
    <svg
      aria-hidden="true"
      class="lucide lucide-triangle-alert shrink-0 h-10 w-10 text-destructive"
      fill="none"
      height="16"
      stroke="currentColor"
      stroke-linecap="round"
      stroke-linejoin="round"
      stroke-width="2"
      viewBox="0 0 24 24"
      width="16"
      xmlns="http://www.w3.org/2000/svg"
    >
      <path
        d="m21.73 18-8-14a2 2 0 0 0-3.48 0l-8 14A2 2 0 0 0 4 21h16a2 2 0 0 0 1.73-3"
      />
      <path
        d="M12 9v4"
      />
      <path
        d="M12 17h.01"
      />
    </svg>
    <h2
      class="text-lg font-semibold text-foreground"
    >
      Something went wrong
    </h2>
    <p
      class="max-w-md text-sm text-muted-foreground"
    >
      kaboom
    </p>
    <pre
      class="max-h-40 max-w-lg overflow-auto whitespace-pre-wrap text-left text-xs text-muted-foreground/60"
    >
      [stack]
    </pre>
    <button
      class="inline-flex items-center justify-center gap-2 whitespace-nowrap font-medium transition-colors focus-visible:outline-none focus-visible:ring-1 focus-visible:ring-ring disabled:pointer-events-none disabled:opacity-50 [&_svg]:pointer-events-none [&_svg]:size-4 [&_svg]:shrink-0 bg-primary text-primary-foreground shadow hover:bg-primary/90 h-8 rounded-md px-3 text-xs"
    >
      Try again
    </button>
  </div>
</div>
`;
