// Vitest Snapshot v1, https://vitest.dev/guide/snapshot.html

exports[`ErrorState > matches snapshot 1`] = `
<div>
  <div
    class="flex flex-col items-center justify-center gap-3 py-8 text-muted-foreground"
  >
    <svg
      aria-hidden="true"
      class="lucide lucide-circle-alert h-8 w-8 text-destructive"
      fill="none"
      height="24"
      stroke="currentColor"
      stroke-linecap="round"
      stroke-linejoin="round"
      stroke-width="2"
      viewBox="0 0 24 24"
      width="24"
      xmlns="http://www.w3.org/2000/svg"
    >
      <circle
        cx="12"
        cy="12"
        r="10"
      />
      <line
        x1="12"
        x2="12"
        y1="8"
        y2="12"
      />
      <line
        x1="12"
        x2="12.01"
        y1="16"
        y2="16"
      />
    </svg>
    <p
      class="text-sm"
    >
      Unable to load data.
    </p>
  </div>
</div>
`;
