// Vitest Snapshot v1, https://vitest.dev/guide/snapshot.html

exports[`FieldDisplay > matches snapshot 1`] = `
<div>
  <dl
    class="grid grid-cols-[180px_1fr] items-baseline gap-4 py-2"
  >
    <dt
      class="text-[13px] font-medium text-muted-foreground"
    >
      Email
    </dt>
    <dd
      class="break-words text-[13px] text-foreground"
    >
      user@example.com
    </dd>
  </dl>
</div>
`;
