// Vitest Snapshot v1, https://vitest.dev/guide/snapshot.html

exports[`Gauge > matches snapshot 1`] = `
<div>
  <div
    aria-label="Gauge"
    aria-valuemax="100"
    aria-valuemin="0"
    aria-valuenow="67"
    class="relative inline-flex flex-col items-center"
    role="meter"
    style="width: 160px; height: auto;"
  >
    <svg
      aria-hidden="true"
      height="160"
      viewBox="0 0 160 160"
      width="160"
    >
      <circle
        cx="80"
        cy="80"
        fill="none"
        r="73"
        stroke="hsl(var(--muted))"
        stroke-width="14"
      />
      <circle
        class="transition-[stroke-dashoffset] duration-500"
        cx="80"
        cy="80"
        fill="none"
        r="73"
        stroke="hsl(var(--chart-2))"
        stroke-dasharray="458.6725274241098"
        stroke-dashoffset="151.36193404995623"
        stroke-linecap="round"
        stroke-width="14"
        transform="rotate(-90 80 80)"
      />
    </svg>
    <div
      class="pointer-events-none absolute inset-x-0 flex flex-col items-center justify-center"
      style="top: 0px; height: 160px;"
    >
      <span
        class="font-mono text-3xl font-bold tabular-nums"
      >
        67%
      </span>
      <span
        class="mt-1 text-[11px] uppercase tracking-[0.04em] text-muted-foreground"
      >
        MFA enrolled
      </span>
    </div>
  </div>
</div>
`;
