// Vitest Snapshot v1, https://vitest.dev/guide/snapshot.html

exports[`LabeledBarList > matches snapshot 1`] = `
<div>
  <div
    class="w-full"
  >
    <ul
      class="flex flex-col gap-2.5"
    >
      <li
        class="flex flex-col gap-1.5"
      >
        <div
          class="flex items-center gap-2 text-[13px]"
        >
          <span
            class="flex-1 truncate"
          >
            United States
          </span>
          <span
            class="font-mono text-xs text-muted-foreground tabular-nums"
          >
            412
          </span>
        </div>
        <div
          aria-hidden="true"
          class="overflow-hidden rounded-full bg-muted"
          style="height: 4px;"
        >
          <div
            class="h-full rounded-full"
            style="width: 100%; background: hsl(var(--chart-2));"
          />
        </div>
      </li>
      <li
        class="flex flex-col gap-1.5"
      >
        <div
          class="flex items-center gap-2 text-[13px]"
        >
          <span
            class="flex-1 truncate"
          >
            Germany
          </span>
          <span
            class="font-mono text-xs text-muted-foreground tabular-nums"
          >
            218
          </span>
        </div>
        <div
          aria-hidden="true"
          class="overflow-hidden rounded-full bg-muted"
          style="height: 4px;"
        >
          <div
            class="h-full rounded-full"
            style="width: 52.9126213592233%; background: hsl(var(--chart-2));"
          />
        </div>
      </li>
      <li
        class="flex flex-col gap-1.5"
      >
        <div
          class="flex items-center gap-2 text-[13px]"
        >
          <span
            class="flex-1 truncate"
          >
            Japan
          </span>
          <span
            class="font-mono text-xs text-muted-foreground tabular-nums"
          >
            121
          </span>
        </div>
        <div
          aria-hidden="true"
          class="overflow-hidden rounded-full bg-muted"
          style="height: 4px;"
        >
          <div
            class="h-full rounded-full"
            style="width: 29.36893203883495%; background: hsl(var(--chart-2));"
          />
        </div>
      </li>
    </ul>
    <p
      class="mt-3 text-xs text-muted-foreground"
    >
      Active sessions
    </p>
  </div>
</div>
`;
