// Vitest Snapshot v1, https://vitest.dev/guide/snapshot.html

exports[`MetricBreakdown > matches snapshot 1`] = `
<div>
  <div
    class="w-full"
  >
    <div
      class="mb-2.5 flex items-baseline justify-between gap-3"
    >
      <div>
        <div
          class="font-mono text-[22px] font-semibold leading-[1.1] tabular-nums"
        >
          3,771
        </div>
        <div
          class="text-[11px] uppercase tracking-[0.04em] text-muted-foreground"
        >
          tokens issued
        </div>
      </div>
      <div
        class="text-right"
      >
        <div
          class="font-mono text-[13px] font-medium tabular-nums"
          style="color: rgb(31, 173, 85);"
        >
          0.95%
        </div>
        <div
          class="text-[11px] uppercase tracking-[0.04em] text-muted-foreground"
        >
          error rate
        </div>
      </div>
    </div>
    <div
      class="relative mb-3.5"
      style="height: 36px;"
    >
      <svg
        aria-hidden="true"
        class="h-full w-full overflow-visible"
        preserveAspectRatio="none"
        viewBox="0 0 120 36"
      >
        <defs>
          <lineargradient
            id="_r_1_"
            x1="0"
            x2="0"
            y1="0"
            y2="1"
          >
            <stop
              offset="0%"
              stop-color="hsl(var(--chart-1))"
              stop-opacity="0.25"
            />
            <stop
              offset="100%"
              stop-color="hsl(var(--chart-1))"
              stop-opacity="0"
            />
          </lineargradient>
        </defs>
        <polygon
          fill="url(#_r_1_)"
          points="0,36 0,34 10,29.5 20,27.25 30,30.25 40,24.25 50,19 60,22 70,17.5 80,12.25 90,14.5 100,10.75 110,6.25 120,4 120,36"
        />
        <polyline
          fill="none"
          points="0,34 10,29.5 20,27.25 30,30.25 40,24.25 50,19 60,22 70,17.5 80,12.25 90,14.5 100,10.75 110,6.25 120,4"
          stroke="hsl(var(--chart-1))"
          stroke-width="1.5"
          vector-effect="non-scaling-stroke"
        />
        <circle
          cx="120"
          cy="4"
          fill="hsl(var(--chart-1))"
          r="2.5"
        />
      </svg>
      <div
        class="absolute right-0 top-0 bg-card px-1 font-mono text-[11px]"
        style="color: hsl(var(--chart-1));"
      >
        82
         req/s
      </div>
    </div>
    <div
      class="flex flex-col gap-2"
    >
      <div
        class="text-[12.5px]"
      >
        <div
          class="mb-1 flex items-center gap-2"
        >
          <span
            aria-hidden="true"
            class="size-2 shrink-0 rounded-sm"
            style="background: hsl(var(--chart-1));"
          />
          <span
            class="flex-1 truncate font-mono text-[11.5px] text-foreground"
          >
            authorization_code
          </span>
          <span
            class="font-mono text-[11.5px] tabular-nums"
          >
            1,842
          </span>
          <span
            class="min-w-[38px] text-right font-mono text-[10.5px] tabular-nums"
            style="color: rgb(31, 173, 85);"
          >
            ▲
             
            12
            %
          </span>
        </div>
        <div
          aria-hidden="true"
          class="overflow-hidden rounded-full bg-muted"
          style="height: 3px;"
        >
          <div
            class="h-full rounded-full"
            style="width: 49.462943071965626%; background: hsl(var(--chart-1));"
          />
        </div>
      </div>
      <div
        class="text-[12.5px]"
      >
        <div
          class="mb-1 flex items-center gap-2"
        >
          <span
            aria-hidden="true"
            class="size-2 shrink-0 rounded-sm"
            style="background: hsl(var(--chart-3));"
          />
          <span
            class="flex-1 truncate font-mono text-[11.5px] text-foreground"
          >
            refresh_token
          </span>
          <span
            class="font-mono text-[11.5px] tabular-nums"
          >
            1,264
          </span>
          <span
            class="min-w-[38px] text-right font-mono text-[10.5px] tabular-nums"
            style="color: rgb(31, 173, 85);"
          >
            ▲
             
            4
            %
          </span>
        </div>
        <div
          aria-hidden="true"
          class="overflow-hidden rounded-full bg-muted"
          style="height: 3px;"
        >
          <div
            class="h-full rounded-full"
            style="width: 33.941997851772285%; background: hsl(var(--chart-3));"
          />
        </div>
      </div>
      <div
        class="text-[12.5px]"
      >
        <div
          class="mb-1 flex items-center gap-2"
        >
          <span
            aria-hidden="true"
            class="size-2 shrink-0 rounded-sm"
            style="background: hsl(var(--chart-4));"
          />
          <span
            class="flex-1 truncate font-mono text-[11.5px] text-foreground"
          >
            client_credentials
          </span>
          <span
            class="font-mono text-[11.5px] tabular-nums"
          >
            618
          </span>
          <span
            class="min-w-[38px] text-right font-mono text-[10.5px] tabular-nums"
            style="color: rgb(235, 71, 71);"
          >
            ▼
             
            3
            %
          </span>
        </div>
        <div
          aria-hidden="true"
          class="overflow-hidden rounded-full bg-muted"
          style="height: 3px;"
        >
          <div
            class="h-full rounded-full"
            style="width: 16.595059076262082%; background: hsl(var(--chart-4));"
          />
        </div>
      </div>
    </div>
    <div
      class="flex flex-wrap items-center gap-1.5 mt-3 border-t border-border pt-2.5"
    >
      <span
        class="mr-0.5 text-[10.5px] uppercase tracking-[0.04em] text-muted-foreground"
      >
        Errors
      </span>
      <span
        class="inline-flex items-center gap-1 rounded font-mono text-[10.5px]"
        style="padding: 2px 6px; background: rgba(235, 71, 71, 0.1); color: rgb(235, 71, 71);"
      >
        invalid_grant
        <span
          class="opacity-70"
        >
          ·
          38
        </span>
      </span>
      <span
        class="inline-flex items-center gap-1 rounded font-mono text-[10.5px]"
        style="padding: 2px 6px; background: rgba(235, 71, 71, 0.1); color: rgb(235, 71, 71);"
      >
        invalid_client
        <span
          class="opacity-70"
        >
          ·
          11
        </span>
      </span>
    </div>
  </div>
</div>
`;
