// Vitest Snapshot v1, https://vitest.dev/guide/snapshot.html

exports[`NotificationItem > matches snapshot 1`] = `
<div>
  <div
    class="flex w-full items-start gap-3 px-3 py-3 text-left transition-colors"
  >
    <div
      class="flex h-8 w-8 shrink-0 items-center justify-center rounded-full bg-[hsl(var(--stat-blue)/0.1)] text-[hsl(var(--stat-blue))]"
    >
      <span>
        !
      </span>
    </div>
    <div
      class="min-w-0 flex-1 space-y-0.5"
    >
      <div
        class="text-[13px] font-semibold text-foreground"
      >
        Hydra v2.2.3 released
      </div>
      <div
        class="text-[12.5px] text-muted-foreground"
      >
        Routine upgrade available
      </div>
      <div
        class="font-mono text-[11px] text-muted-foreground"
      >
        6h ago
      </div>
    </div>
  </div>
</div>
`;
