// Vitest Snapshot v1, https://vitest.dev/guide/snapshot.html

exports[`NumberBadge > matches snapshot 1`] = `
<div>
  <span
    aria-label="3 new"
    class="pointer-events-none absolute right-1 top-1 inline-flex items-center justify-center font-mono font-medium tabular-nums min-w-[1.125rem] rounded-full px-1 text-[10px] leading-none h-[1.125rem] bg-destructive text-destructive-foreground"
    role="status"
  >
    3
  </span>
</div>
`;
