// Vitest Snapshot v1, https://vitest.dev/guide/snapshot.html

exports[`Pagination > matches snapshot 1`] = `
<div>
  <nav
    aria-label="pagination"
    class="mx-auto flex w-full justify-center"
    role="navigation"
  >
    <ul
      class="flex flex-row items-center gap-1"
    >
      <li
        class=""
      >
        <a
          class="inline-flex items-center justify-center gap-2 whitespace-nowrap rounded-md text-sm font-medium transition-colors focus-visible:outline-none focus-visible:ring-1 focus-visible:ring-ring disabled:pointer-events-none disabled:opacity-50 [&_svg]:pointer-events-none [&_svg]:size-4 [&_svg]:shrink-0 hover:bg-accent hover:text-accent-foreground h-9 w-9"
          href="#"
        >
          1
        </a>
      </li>
    </ul>
  </nav>
</div>
`;
