// Vitest Snapshot v1, https://vitest.dev/guide/snapshot.html

exports[`StackedBar > matches snapshot 1`] = `
<div>
  <div
    class="w-full"
  >
    <div
      class="flex w-full overflow-hidden rounded-full bg-muted"
      role="presentation"
      style="height: 10px;"
    >
      <div
        aria-hidden="true"
        style="width: 57.14285714285714%; background: hsl(var(--chart-1));"
        title="Password: 48%"
      />
      <div
        aria-hidden="true"
        style="width: 26.190476190476193%; background: hsl(var(--chart-2));"
        title="Google: 22%"
      />
      <div
        aria-hidden="true"
        style="width: 16.666666666666664%; background: hsl(var(--chart-1));"
        title="WebAuthn: 14%"
      />
    </div>
    <ul
      class="mt-3 flex flex-col gap-2"
    >
      <li
        class="flex items-center gap-2.5 text-[13px]"
      >
        <span
          aria-hidden="true"
          class="size-2 shrink-0 rounded-full"
          style="background: hsl(var(--chart-1));"
        />
        <span
          class="flex-1"
        >
          Password
        </span>
        <span
          class="font-mono text-xs text-muted-foreground"
        >
          48%
        </span>
      </li>
      <li
        class="flex items-center gap-2.5 text-[13px]"
      >
        <span
          aria-hidden="true"
          class="size-2 shrink-0 rounded-full"
          style="background: hsl(var(--chart-2));"
        />
        <span
          class="flex-1"
        >
          Google
        </span>
        <span
          class="font-mono text-xs text-muted-foreground"
        >
          22%
        </span>
      </li>
      <li
        class="flex items-center gap-2.5 text-[13px]"
      >
        <span
          aria-hidden="true"
          class="size-2 shrink-0 rounded-full"
          style="background: hsl(var(--chart-1));"
        />
        <span
          class="flex-1"
        >
          WebAuthn
        </span>
        <span
          class="font-mono text-xs text-muted-foreground"
        >
          14%
        </span>
      </li>
    </ul>
    <p
      class="mt-3 text-xs text-muted-foreground"
    >
      Last 7 days
    </p>
  </div>
</div>
`;
