// Vitest Snapshot v1, https://vitest.dev/guide/snapshot.html

exports[`StatCard > matches snapshot 1`] = `
<div>
  <div
    class="rounded-xl border bg-card text-card-foreground shadow"
  >
    <div
      class="flex items-center gap-4 p-4"
    >
      <div
        class="flex h-10 w-10 items-center justify-center rounded-md bg-blue-500/10 text-blue-500"
      >
        <span>
          👤
        </span>
      </div>
      <div
        class="flex-1 min-w-0"
      >
        <p
          class="text-xs text-muted-foreground"
        >
          Active users
        </p>
        <p
          class="text-xl font-semibold"
        >
          1,234
        </p>
      </div>
    </div>
  </div>
</div>
`;
