// Vitest Snapshot v1, https://vitest.dev/guide/snapshot.html

exports[`Tabs > matches snapshot 1`] = `
<div>
  <div
    data-orientation="horizontal"
    dir="ltr"
  >
    <div
      aria-orientation="horizontal"
      class="inline-flex h-9 items-center justify-center rounded-lg bg-muted p-1 text-muted-foreground"
      data-orientation="horizontal"
      role="tablist"
      style="outline: none;"
      tabindex="0"
    >
      <button
        aria-controls="radix-_r_g_-content-a"
        aria-selected="true"
        class="inline-flex items-center justify-center whitespace-nowrap rounded-md px-3 py-1 text-sm font-medium ring-offset-background transition-all focus-visible:outline-none focus-visible:ring-2 focus-visible:ring-ring focus-visible:ring-offset-2 disabled:pointer-events-none disabled:opacity-50 data-[state=active]:bg-background data-[state=active]:text-foreground data-[state=active]:shadow"
        data-orientation="horizontal"
        data-radix-collection-item=""
        data-state="active"
        id="radix-_r_g_-trigger-a"
        role="tab"
        tabindex="-1"
        type="button"
      >
        Tab A
      </button>
      <button
        aria-controls="radix-_r_g_-content-b"
        aria-selected="false"
        class="inline-flex items-center justify-center whitespace-nowrap rounded-md px-3 py-1 text-sm font-medium ring-offset-background transition-all focus-visible:outline-none focus-visible:ring-2 focus-visible:ring-ring focus-visible:ring-offset-2 disabled:pointer-events-none disabled:opacity-50 data-[state=active]:bg-background data-[state=active]:text-foreground data-[state=active]:shadow"
        data-orientation="horizontal"
        data-radix-collection-item=""
        data-state="inactive"
        id="radix-_r_g_-trigger-b"
        role="tab"
        tabindex="-1"
        type="button"
      >
        Tab B
      </button>
      <button
        aria-controls="radix-_r_g_-content-c"
        aria-selected="false"
        class="inline-flex items-center justify-center whitespace-nowrap rounded-md px-3 py-1 text-sm font-medium ring-offset-background transition-all focus-visible:outline-none focus-visible:ring-2 focus-visible:ring-ring focus-visible:ring-offset-2 disabled:pointer-events-none disabled:opacity-50 data-[state=active]:bg-background data-[state=active]:text-foreground data-[state=active]:shadow"
        data-disabled=""
        data-orientation="horizontal"
        data-radix-collection-item=""
        data-state="inactive"
        disabled=""
        id="radix-_r_g_-trigger-c"
        role="tab"
        tabindex="-1"
        type="button"
      >
        Tab C
      </button>
    </div>
    <div
      aria-labelledby="radix-_r_g_-trigger-a"
      class="mt-2 ring-offset-background focus-visible:outline-none focus-visible:ring-2 focus-visible:ring-ring focus-visible:ring-offset-2"
      data-orientation="horizontal"
      data-state="active"
      id="radix-_r_g_-content-a"
      role="tabpanel"
      style="animation-duration: 0s;"
      tabindex="0"
    >
      Body A
    </div>
    <div
      aria-labelledby="radix-_r_g_-trigger-b"
      class="mt-2 ring-offset-background focus-visible:outline-none focus-visible:ring-2 focus-visible:ring-ring focus-visible:ring-offset-2"
      data-orientation="horizontal"
      data-state="inactive"
      hidden=""
      id="radix-_r_g_-content-b"
      role="tabpanel"
      tabindex="0"
    />
    <div
      aria-labelledby="radix-_r_g_-trigger-c"
      class="mt-2 ring-offset-background focus-visible:outline-none focus-visible:ring-2 focus-visible:ring-ring focus-visible:ring-offset-2"
      data-orientation="horizontal"
      data-state="inactive"
      hidden=""
      id="radix-_r_g_-content-c"
      role="tabpanel"
      tabindex="0"
    />
  </div>
</div>
`;
