// Vitest Snapshot v1, https://vitest.dev/guide/snapshot.html

exports[`ToggleGroup > matches snapshot 1`] = `
<div>
  <div
    class="flex items-center justify-center gap-1"
    dir="ltr"
    role="group"
    style="outline: none;"
    tabindex="0"
  >
    <button
      aria-pressed="false"
      class="inline-flex items-center justify-center gap-2 rounded-md text-sm font-medium transition-colors hover:bg-muted hover:text-muted-foreground focus-visible:outline-none focus-visible:ring-1 focus-visible:ring-ring disabled:pointer-events-none disabled:opacity-50 data-[state=on]:bg-brand data-[state=on]:text-brand-foreground data-[state=on]:hover:bg-brand/90 data-[state=on]:hover:text-brand-foreground [&_svg]:pointer-events-none [&_svg]:size-4 [&_svg]:shrink-0 bg-transparent h-9 px-2 min-w-9"
      data-radix-collection-item=""
      data-state="off"
      tabindex="-1"
      type="button"
    >
      A
    </button>
    <button
      aria-pressed="false"
      class="inline-flex items-center justify-center gap-2 rounded-md text-sm font-medium transition-colors hover:bg-muted hover:text-muted-foreground focus-visible:outline-none focus-visible:ring-1 focus-visible:ring-ring disabled:pointer-events-none disabled:opacity-50 data-[state=on]:bg-brand data-[state=on]:text-brand-foreground data-[state=on]:hover:bg-brand/90 data-[state=on]:hover:text-brand-foreground [&_svg]:pointer-events-none [&_svg]:size-4 [&_svg]:shrink-0 bg-transparent h-9 px-2 min-w-9"
      data-radix-collection-item=""
      data-state="off"
      tabindex="-1"
      type="button"
    >
      B
    </button>
  </div>
</div>
`;
