// Vitest Snapshot v1, https://vitest.dev/guide/snapshot.html

exports[`Toggle (dedicated) > matches snapshot 1`] = `
<div>
  <button
    aria-label="italic"
    aria-pressed="false"
    class="inline-flex items-center justify-center gap-2 rounded-md text-sm font-medium transition-colors focus-visible:outline-none focus-visible:ring-1 focus-visible:ring-ring disabled:pointer-events-none disabled:opacity-50 data-[state=on]:bg-brand data-[state=on]:text-brand-foreground data-[state=on]:hover:bg-brand/90 data-[state=on]:hover:text-brand-foreground [&_svg]:pointer-events-none [&_svg]:size-4 [&_svg]:shrink-0 border border-input bg-transparent shadow-sm hover:bg-accent hover:text-accent-foreground h-9 px-2 min-w-9"
    data-state="off"
    type="button"
  >
    I
  </button>
</div>
`;
